[debug] [2026-03-16T16:21:38.872Z] ----------------------------------------------------------------------
[debug] [2026-03-16T16:21:38.876Z] Command:       C:\Program Files\nodejs\node.exe C:\Users\DELL\AppData\Roaming\npm\node_modules\firebase-tools\lib\bin\firebase.js init emulators
[debug] [2026-03-16T16:21:38.877Z] CLI Version:   15.8.0
[debug] [2026-03-16T16:21:38.877Z] Platform:      win32
[debug] [2026-03-16T16:21:38.877Z] Node Version:  v22.22.0
[debug] [2026-03-16T16:21:38.878Z] Time:          Mon Mar 16 2026 17:21:38 GMT+0100 (heure normale d’Europe centrale)
[debug] [2026-03-16T16:21:38.878Z] ----------------------------------------------------------------------
[debug] 
[debug] [2026-03-16T16:21:38.882Z] >>> [apiv2][query] GET https://firebase-public.firebaseio.com/cli.json [none]
[info] 
     ######## #### ########  ######## ########     ###     ######  ########
     ##        ##  ##     ## ##       ##     ##  ##   ##  ##       ##
     ######    ##  ########  ######   ########  #########  ######  ######
     ##        ##  ##    ##  ##       ##     ## ##     ##       ## ##
     ##       #### ##     ## ######## ########  ##     ##  ######  ########

You're about to initialize a Firebase project in this directory:

  C:\Users\DELL\BETNA\betna-immo

Before we get started, keep in mind:

  * You are initializing within an existing Firebase project directory

[debug] [2026-03-16T16:21:45.409Z] <<< [apiv2][status] GET https://firebase-public.firebaseio.com/cli.json 200
[debug] [2026-03-16T16:21:45.410Z] <<< [apiv2][body] GET https://firebase-public.firebaseio.com/cli.json {"cloudBuildErrorAfter":1594252800000,"cloudBuildWarnAfter":1590019200000,"defaultNode10After":1594252800000,"minVersion":"3.0.5","node8DeploysDisabledAfter":1613390400000,"node8RuntimeDisabledAfter":1615809600000,"node8WarnAfter":1600128000000}
[info] 
=== Project Setup
[info] 
[info] First, let's associate this project directory with a Firebase project.
[info] You can create multiple project aliases by running firebase use --add, 
[info] 
[debug] [2026-03-16T16:21:50.203Z] > command requires scopes: ["email","openid","https://www.googleapis.com/auth/cloudplatformprojects.readonly","https://www.googleapis.com/auth/firebase","https://www.googleapis.com/auth/cloud-platform"]
[debug] [2026-03-16T16:21:50.204Z] > authorizing via signed-in user (yohannesende@gmail.com)
[debug] [2026-03-16T16:21:50.206Z] Checked if tokens are valid: false, expires at: 1772512155502
[debug] [2026-03-16T16:21:50.206Z] Checked if tokens are valid: false, expires at: 1772512155502
[debug] [2026-03-16T16:21:50.207Z] > refreshing access token with scopes: []
[debug] [2026-03-16T16:21:50.209Z] >>> [apiv2][query] POST https://www.googleapis.com/oauth2/v3/token [none]
[debug] [2026-03-16T16:21:50.209Z] >>> [apiv2][body] POST https://www.googleapis.com/oauth2/v3/token [omitted]
[debug] [2026-03-16T16:21:50.571Z] <<< [apiv2][status] POST https://www.googleapis.com/oauth2/v3/token 200
[debug] [2026-03-16T16:21:50.571Z] <<< [apiv2][body] POST https://www.googleapis.com/oauth2/v3/token [omitted]
[debug] [2026-03-16T16:21:50.642Z] >>> [apiv2][query] GET https://firebase.googleapis.com/v1beta1/projects/betna-immo-app [none]
[debug] [2026-03-16T16:21:51.815Z] <<< [apiv2][status] GET https://firebase.googleapis.com/v1beta1/projects/betna-immo-app 200
[debug] [2026-03-16T16:21:51.816Z] <<< [apiv2][body] GET https://firebase.googleapis.com/v1beta1/projects/betna-immo-app {"projectId":"betna-immo-app","projectNumber":"1066049019360","displayName":"betna-immo-app","name":"projects/betna-immo-app","resources":{"hostingSite":"betna-immo-app"},"state":"ACTIVE","etag":"1_0b93ac96-fb17-4fb0-94d3-42c47bc4c829"}
[info] i  Using project betna-immo-app (betna-immo-app) . 
[info] 
=== Emulators Setup
[info] i  Port for functions already configured: 5050 
[info] i  Port for firestore already configured: 8080 
[debug] [2026-03-16T16:23:49.264Z] ExitPromptError: User force closed the prompt with SIGINT
    at Interface.sigint (C:\Users\DELL\AppData\Roaming\npm\node_modules\firebase-tools\node_modules\@inquirer\core\dist\commonjs\lib\create-prompt.js:101:37)
    at Interface.emit (node:events:519:28)
    at [_ttyWrite] [as _ttyWrite] (node:internal/readline/interface:1134:18)
    at ReadStream.onkeypress (node:internal/readline/interface:271:20)
    at ReadStream.emit (node:events:531:35)
    at emitKeys (node:internal/readline/utils:370:14)
    at emitKeys.next (<anonymous>)
    at ReadStream.onData (node:internal/readline/emitKeypressEvents:64:36)
    at ReadStream.emit (node:events:519:28)
    at addChunk (node:internal/streams/readable:561:12)
[error] 
[error] Error: An unexpected error has occurred.
[debug] [2026-03-16T16:23:53.683Z] ----------------------------------------------------------------------
[debug] [2026-03-16T16:23:53.690Z] Command:       C:\Program Files\nodejs\node.exe C:\Users\DELL\AppData\Roaming\npm\node_modules\firebase-tools\lib\bin\firebase.js init emulators
[debug] [2026-03-16T16:23:53.691Z] CLI Version:   15.8.0
[debug] [2026-03-16T16:23:53.691Z] Platform:      win32
[debug] [2026-03-16T16:23:53.692Z] Node Version:  v22.22.0
[debug] [2026-03-16T16:23:53.693Z] Time:          Mon Mar 16 2026 17:23:53 GMT+0100 (heure normale d’Europe centrale)
[debug] [2026-03-16T16:23:53.693Z] ----------------------------------------------------------------------
[debug] 
[info] 
     ######## #### ########  ######## ########     ###     ######  ########
     ##        ##  ##     ## ##       ##     ##  ##   ##  ##       ##
     ######    ##  ########  ######   ########  #########  ######  ######
     ##        ##  ##    ##  ##       ##     ## ##     ##       ## ##
     ##       #### ##     ## ######## ########  ##     ##  ######  ########

You're about to initialize a Firebase project in this directory:

  C:\Users\DELL\BETNA\betna-immo

Before we get started, keep in mind:

  * You are initializing within an existing Firebase project directory

[info] 
=== Project Setup
[info] 
[info] First, let's associate this project directory with a Firebase project.
[info] You can create multiple project aliases by running firebase use --add, 
[info] 
[debug] [2026-03-16T16:23:58.131Z] > command requires scopes: ["email","openid","https://www.googleapis.com/auth/cloudplatformprojects.readonly","https://www.googleapis.com/auth/firebase","https://www.googleapis.com/auth/cloud-platform"]
[debug] [2026-03-16T16:23:58.132Z] > authorizing via signed-in user (yohannesende@gmail.com)
[debug] [2026-03-16T16:23:58.135Z] Checked if tokens are valid: true, expires at: 1773681709572
[debug] [2026-03-16T16:23:58.135Z] Checked if tokens are valid: true, expires at: 1773681709572
[debug] [2026-03-16T16:23:58.140Z] >>> [apiv2][query] GET https://firebase.googleapis.com/v1beta1/projects/betna-immo-app [none]
[debug] [2026-03-16T16:23:59.284Z] <<< [apiv2][status] GET https://firebase.googleapis.com/v1beta1/projects/betna-immo-app 200
[debug] [2026-03-16T16:23:59.285Z] <<< [apiv2][body] GET https://firebase.googleapis.com/v1beta1/projects/betna-immo-app {"projectId":"betna-immo-app","projectNumber":"1066049019360","displayName":"betna-immo-app","name":"projects/betna-immo-app","resources":{"hostingSite":"betna-immo-app"},"state":"ACTIVE","etag":"1_0b93ac96-fb17-4fb0-94d3-42c47bc4c829"}
[info] i  Using project betna-immo-app (betna-immo-app) . 
[info] 
=== Emulators Setup
[debug] [2026-03-16T16:33:28.630Z] ExitPromptError: User force closed the prompt with SIGINT
    at Interface.sigint (C:\Users\DELL\AppData\Roaming\npm\node_modules\firebase-tools\node_modules\@inquirer\core\dist\commonjs\lib\create-prompt.js:101:37)
    at Interface.emit (node:events:519:28)
    at [_ttyWrite] [as _ttyWrite] (node:internal/readline/interface:1134:18)
    at ReadStream.onkeypress (node:internal/readline/interface:271:20)
    at ReadStream.emit (node:events:531:35)
    at emitKeys (node:internal/readline/utils:370:14)
    at emitKeys.next (<anonymous>)
    at ReadStream.onData (node:internal/readline/emitKeypressEvents:64:36)
    at ReadStream.emit (node:events:519:28)
    at addChunk (node:internal/streams/readable:561:12)
[error] 
[error] Error: An unexpected error has occurred.
